// Jest Snapshot v1, https://goo.gl/fbAQLP

exports[`Question Question should render correctly 1`] = `ShallowWrapper {}`;
