// Jest Snapshot v1, https://goo.gl/fbAQLP

exports[`navbar component debug 1`] = `ShallowWrapper {}`;
