// Jest Snapshot v1, https://goo.gl/fbAQLP

exports[`popup omponent should render correctly in "debug" mode 1`] = `ShallowWrapper {}`;
