// Jest Snapshot v1, https://goo.gl/fbAQLP

exports[`InputField InputField should render correctly 1`] = `ShallowWrapper {}`;
